// Jest Snapshot v1, https://goo.gl/fbAQLP

exports[`<Header/> Renderização deve renderizar Header corretamente 1`] = `
<div>
  <div
    className="basicHeader"
  >
    <div
      className="gridContainerLogo"
    >
      <div
        className="itemLogo"
      >
        <div
          className="logo"
          data-open={false}
          onClick={[Function]}
        >
          L
        </div>
        <div
          className="logo"
          data-open={false}
          onClick={[Function]}
        >
          &
        </div>
        <div
          className="logo"
          data-open={false}
          onClick={[Function]}
        >
          V
        </div>
      </div>
      <div />
      <div
        className="itemIcon"
        data-open={false}
        data-testid="menu-icon"
        onClick={[Function]}
      >
        <svg
          aria-hidden={true}
          className="MuiSvgIcon-root MuiSvgIcon-fontSizeMedium icon css-i4bv87-MuiSvgIcon-root"
          data-testid="MenuIcon"
          focusable="false"
          viewBox="0 0 24 24"
        >
          <path
            d="M3 18h18v-2H3v2zm0-5h18v-2H3v2zm0-7v2h18V6H3z"
          />
        </svg>
      </div>
    </div>
  </div>
</div>
`;
