// Jest Snapshot v1, https://goo.gl/fbAQLP

exports[`Renderiza TabelaAdmin corretamente 1`] = `
<section
  className="container"
  id="tabela"
>
  <div
    className="MuiGrid-root MuiGrid-container MuiGrid-spacing-xs-2 css-mhc70k-MuiGrid-root"
    style={
      {
        "marginTop": "3vh",
      }
    }
  >
    <div
      className="whiteBox"
    >
      <div
        className="MuiGrid-root MuiGrid-container MuiGrid-spacing-xs-2 containerActions css-445cma-MuiGrid-root"
      >
        <div
          className="MuiGrid-root MuiGrid-item MuiGrid-grid-xs-12 MuiGrid-grid-md-6 css-1fyyp8j-MuiGrid-root"
        >
          <div
            className="mantine-Input-wrapper input mantine-12sbrde"
          >
            <input
              className="mantine-Input-input mantine-1e4d5p7"
              disabled={false}
              name="text"
              onChange={[Function]}
              placeholder="Buscar por nome"
              value=""
            />
          </div>
        </div>
        <div
          className="MuiGrid-root MuiGrid-item MuiGrid-grid-xs-12 MuiGrid-grid-md-3 css-iv7vbz-MuiGrid-root"
        >
          <button
            className="mantine-UnstyledButton-root mantine-Button-root buttontr mantine-1dp1ht"
            data-button={true}
            onClick={[Function]}
            type="button"
          >
            <div
              className="mantine-3xbgk5 mantine-Button-inner"
            >
              <span
                className="mantine-qo1k2 mantine-Button-label"
                style={
                  {
                    "textTransform": undefined,
                  }
                }
              >
                Cadastrar
              </span>
            </div>
          </button>
        </div>
        <div
          className="MuiGrid-root MuiGrid-item MuiGrid-grid-xs-12 MuiGrid-grid-md-3 css-iv7vbz-MuiGrid-root"
        >
          <div
            className="MuiFormControl-root MuiFormControl-fullWidth css-q8hpuo-MuiFormControl-root"
          >
            <label
              className="MuiFormLabel-root MuiInputLabel-root MuiInputLabel-formControl MuiInputLabel-animated MuiInputLabel-sizeMedium MuiInputLabel-outlined MuiFormLabel-colorPrimary MuiInputLabel-root MuiInputLabel-formControl MuiInputLabel-animated MuiInputLabel-sizeMedium MuiInputLabel-outlined css-14s5rfu-MuiFormLabel-root-MuiInputLabel-root"
              data-shrink={false}
            >
              A tabela que deseja ver
            </label>
            <div
              fullWidth={true}
              label="A tabela que deseja ver"
              onChange={[Function]}
              value="Presentes"
            >
              <div
                value="Presentes"
              >
                 
                Presentes
                 
              </div>
              <div
                value="Recados"
              >
                 
                Recados
                 
              </div>
              <div
                value="Lista de presença"
              >
                 
                Lista de presença
                 
              </div>
            </div>
          </div>
        </div>
      </div>
      <div
        className="MuiPaper-root MuiPaper-elevation MuiPaper-rounded MuiPaper-elevation1 MuiTableContainer-root containerTable css-11xur9t-MuiPaper-root-MuiTableContainer-root"
      >
        <table
          aria-label="custom pagination table"
          className="MuiTable-root css-rqglhn-MuiTable-root"
          role={null}
          style={
            {
              "width": "100%",
            }
          }
        >
          <thead
            className="MuiTableHead-root css-15wwp11-MuiTableHead-root"
            role={null}
          >
            <tr
              className="MuiTableRow-root MuiTableRow-head css-1q1u3t4-MuiTableRow-root"
              role={null}
            >
              <th
                aria-sort={null}
                className="MuiTableCell-root MuiTableCell-head MuiTableCell-alignCenter MuiTableCell-sizeMedium css-t23sw4-MuiTableCell-root"
                scope="col"
              >
                 
                ID
                 
              </th>
              <th
                aria-sort={null}
                className="MuiTableCell-root MuiTableCell-head MuiTableCell-alignCenter MuiTableCell-sizeMedium css-t23sw4-MuiTableCell-root"
                scope="col"
              >
                 
                Nome
                 
              </th>
              <th
                aria-sort={null}
                className="MuiTableCell-root MuiTableCell-head MuiTableCell-alignCenter MuiTableCell-sizeMedium css-t23sw4-MuiTableCell-root"
                scope="col"
              >
                 
                Preço
                 
              </th>
              <th
                aria-sort={null}
                className="MuiTableCell-root MuiTableCell-head MuiTableCell-alignCenter MuiTableCell-sizeMedium css-t23sw4-MuiTableCell-root"
                scope="col"
              >
                 
                Descrição
                 
              </th>
              <th
                aria-sort={null}
                className="MuiTableCell-root MuiTableCell-head MuiTableCell-alignCenter MuiTableCell-sizeMedium css-t23sw4-MuiTableCell-root"
                scope="col"
              >
                 
                Imagem
                 
              </th>
              <th
                aria-sort={null}
                className="MuiTableCell-root MuiTableCell-head MuiTableCell-alignCenter MuiTableCell-sizeMedium css-t23sw4-MuiTableCell-root"
                scope="col"
              >
                 
                Mais informações
                 
              </th>
              <th
                aria-sort={null}
                className="MuiTableCell-root MuiTableCell-head MuiTableCell-alignCenter MuiTableCell-sizeMedium css-t23sw4-MuiTableCell-root"
                scope="col"
              >
                 
                Editar
                 
              </th>
              <th
                aria-sort={null}
                className="MuiTableCell-root MuiTableCell-head MuiTableCell-alignCenter MuiTableCell-sizeMedium css-t23sw4-MuiTableCell-root"
                scope="col"
              >
                 
                Deletar
                 
              </th>
            </tr>
          </thead>
          <tbody
            className="MuiTableBody-root css-apqrd9-MuiTableBody-root"
            role={null}
          >
            <tr
              className="MuiTableRow-root css-1ffuvkz-MuiTableRow-root"
              role={null}
            >
              <td
                aria-sort={null}
                className="MuiTableCell-root MuiTableCell-body MuiTableCell-alignCenter MuiTableCell-sizeMedium css-1dydcym-MuiTableCell-root"
              >
                 
                27ab93168ffb6730d4a0e62336d184e9
                 
              </td>
              <td
                aria-sort={null}
                className="MuiTableCell-root MuiTableCell-body MuiTableCell-alignCenter MuiTableCell-sizeMedium css-1dydcym-MuiTableCell-root"
              >
                 
                Calphalon Conjunto de assadeiras antiaderentes, conjunto de 6 peças
                 
              </td>
              <td
                aria-sort={null}
                className="MuiTableCell-root MuiTableCell-body MuiTableCell-alignCenter MuiTableCell-sizeMedium css-1dydcym-MuiTableCell-root"
              >
                 
                R$ 494.50
                 
              </td>
              <td
                aria-sort={null}
                className="MuiTableCell-root MuiTableCell-body MuiTableCell-alignCenter MuiTableCell-sizeMedium css-1dydcym-MuiTableCell-root"
              >
                O núcleo de aço de calib...
              </td>
              <td
                aria-sort={null}
                className="MuiTableCell-root MuiTableCell-body MuiTableCell-alignCenter MuiTableCell-sizeMedium css-1dydcym-MuiTableCell-root"
              >
                <img
                  alt="imagem Calphalon Conjunto de assadeiras antiaderentes, conjunto de 6 peças"
                  className="imagem"
                  src="https://m.media-amazon.com/images/I/81SJ7sZHKYL._AC_UF894,1000_QL80_FMwebp_.jpg"
                />
              </td>
              <td
                aria-sort={null}
                className="MuiTableCell-root MuiTableCell-body MuiTableCell-alignCenter MuiTableCell-sizeMedium css-1dydcym-MuiTableCell-root"
              >
                <a
                  href="https://www.amazon.com.br/dp/B001BSX1EM?ref_=cm_sw_r_apan_dp_20ZZWBH7X76K0ENAKVDQ&language=pt-BR"
                  target="_blank"
                >
                  Link das informações
                </a>
              </td>
              <td
                aria-sort={null}
                className="MuiTableCell-root MuiTableCell-body MuiTableCell-alignCenter MuiTableCell-sizeMedium css-1dydcym-MuiTableCell-root"
              >
                <div
                  aria-label="Editar"
                  aria-labelledby={null}
                  className=""
                  data-mui-internal-clone-element={true}
                  onBlur={[Function]}
                  onClick={[Function]}
                  onFocus={[Function]}
                  onMouseLeave={[Function]}
                  onMouseOver={[Function]}
                  onTouchEnd={[Function]}
                  onTouchStart={[Function]}
                  style={
                    {
                      "color": "#757575",
                      "cursor": "pointer",
                      "margin": "1vh 0.25vw",
                    }
                  }
                >
                  <svg
                    aria-hidden={true}
                    className="MuiSvgIcon-root MuiSvgIcon-fontSizeMedium css-i4bv87-MuiSvgIcon-root"
                    data-testid="EditIcon"
                    focusable="false"
                    viewBox="0 0 24 24"
                  >
                    <path
                      d="M3 17.25V21h3.75L17.81 9.94l-3.75-3.75L3 17.25zM20.71 7.04c.39-.39.39-1.02 0-1.41l-2.34-2.34a.9959.9959 0 0 0-1.41 0l-1.83 1.83 3.75 3.75 1.83-1.83z"
                    />
                  </svg>
                </div>
              </td>
              <td
                aria-sort={null}
                className="MuiTableCell-root MuiTableCell-body MuiTableCell-alignCenter MuiTableCell-sizeMedium css-1dydcym-MuiTableCell-root"
              >
                <div
                  aria-label="Deletar"
                  aria-labelledby={null}
                  className=""
                  data-mui-internal-clone-element={true}
                  onBlur={[Function]}
                  onClick={[Function]}
                  onFocus={[Function]}
                  onMouseLeave={[Function]}
                  onMouseOver={[Function]}
                  onTouchEnd={[Function]}
                  onTouchStart={[Function]}
                  style={
                    {
                      "color": "#757575",
                      "cursor": "pointer",
                      "margin": "1vh 0.25vw",
                    }
                  }
                >
                  <svg
                    aria-hidden={true}
                    className="MuiSvgIcon-root MuiSvgIcon-fontSizeMedium css-i4bv87-MuiSvgIcon-root"
                    data-testid="DeleteIcon"
                    focusable="false"
                    viewBox="0 0 24 24"
                  >
                    <path
                      d="M6 19c0 1.1.9 2 2 2h8c1.1 0 2-.9 2-2V7H6v12zM19 4h-3.5l-1-1h-5l-1 1H5v2h14V4z"
                    />
                  </svg>
                </div>
              </td>
            </tr>
            <tr
              className="MuiTableRow-root css-1ffuvkz-MuiTableRow-root"
              role={null}
            >
              <td
                aria-sort={null}
                className="MuiTableCell-root MuiTableCell-body MuiTableCell-alignCenter MuiTableCell-sizeMedium css-1dydcym-MuiTableCell-root"
              >
                 
                0ac9e4a0e635758cce67d5d2f6adfa7a
                 
              </td>
              <td
                aria-sort={null}
                className="MuiTableCell-root MuiTableCell-body MuiTableCell-alignCenter MuiTableCell-sizeMedium css-1dydcym-MuiTableCell-root"
              >
                 
                Fritadeira Elétrica sem óleo/Air Fryer Mondial
                 
              </td>
              <td
                aria-sort={null}
                className="MuiTableCell-root MuiTableCell-body MuiTableCell-alignCenter MuiTableCell-sizeMedium css-1dydcym-MuiTableCell-root"
              >
                 
                R$ 724.24
                 
              </td>
              <td
                aria-sort={null}
                className="MuiTableCell-root MuiTableCell-body MuiTableCell-alignCenter MuiTableCell-sizeMedium css-1dydcym-MuiTableCell-root"
              >
                A fritadeira elétrica se...
              </td>
              <td
                aria-sort={null}
                className="MuiTableCell-root MuiTableCell-body MuiTableCell-alignCenter MuiTableCell-sizeMedium css-1dydcym-MuiTableCell-root"
              >
                <img
                  alt="imagem Fritadeira Elétrica sem óleo/Air Fryer Mondial"
                  className="imagem"
                  src="https://a-static.mlcdn.com.br/450x450/fritadeira-eletrica-sem-oleo-air-fryer-mondial-afo-12l-bi-oven-preta-12l-com-forno/magazineluiza/236702500/b585030ba78b67a323c8eea676b1b81a.jpg"
                />
              </td>
              <td
                aria-sort={null}
                className="MuiTableCell-root MuiTableCell-body MuiTableCell-alignCenter MuiTableCell-sizeMedium css-1dydcym-MuiTableCell-root"
              >
                <a
                  href="https://m.magazineluiza.com.br/fritadeira-eletrica-sem-oleo-air-fryer-mondial-afo-12l-bi-oven-preta-12l-com-forno/p/236702500/ep/frel/?partner_id=64068&utm_source=pdp&utm_medium=share"
                  target="_blank"
                >
                  Link das informações
                </a>
              </td>
              <td
                aria-sort={null}
                className="MuiTableCell-root MuiTableCell-body MuiTableCell-alignCenter MuiTableCell-sizeMedium css-1dydcym-MuiTableCell-root"
              >
                <div
                  aria-label="Editar"
                  aria-labelledby={null}
                  className=""
                  data-mui-internal-clone-element={true}
                  onBlur={[Function]}
                  onClick={[Function]}
                  onFocus={[Function]}
                  onMouseLeave={[Function]}
                  onMouseOver={[Function]}
                  onTouchEnd={[Function]}
                  onTouchStart={[Function]}
                  style={
                    {
                      "color": "#757575",
                      "cursor": "pointer",
                      "margin": "1vh 0.25vw",
                    }
                  }
                >
                  <svg
                    aria-hidden={true}
                    className="MuiSvgIcon-root MuiSvgIcon-fontSizeMedium css-i4bv87-MuiSvgIcon-root"
                    data-testid="EditIcon"
                    focusable="false"
                    viewBox="0 0 24 24"
                  >
                    <path
                      d="M3 17.25V21h3.75L17.81 9.94l-3.75-3.75L3 17.25zM20.71 7.04c.39-.39.39-1.02 0-1.41l-2.34-2.34a.9959.9959 0 0 0-1.41 0l-1.83 1.83 3.75 3.75 1.83-1.83z"
                    />
                  </svg>
                </div>
              </td>
              <td
                aria-sort={null}
                className="MuiTableCell-root MuiTableCell-body MuiTableCell-alignCenter MuiTableCell-sizeMedium css-1dydcym-MuiTableCell-root"
              >
                <div
                  aria-label="Deletar"
                  aria-labelledby={null}
                  className=""
                  data-mui-internal-clone-element={true}
                  onBlur={[Function]}
                  onClick={[Function]}
                  onFocus={[Function]}
                  onMouseLeave={[Function]}
                  onMouseOver={[Function]}
                  onTouchEnd={[Function]}
                  onTouchStart={[Function]}
                  style={
                    {
                      "color": "#757575",
                      "cursor": "pointer",
                      "margin": "1vh 0.25vw",
                    }
                  }
                >
                  <svg
                    aria-hidden={true}
                    className="MuiSvgIcon-root MuiSvgIcon-fontSizeMedium css-i4bv87-MuiSvgIcon-root"
                    data-testid="DeleteIcon"
                    focusable="false"
                    viewBox="0 0 24 24"
                  >
                    <path
                      d="M6 19c0 1.1.9 2 2 2h8c1.1 0 2-.9 2-2V7H6v12zM19 4h-3.5l-1-1h-5l-1 1H5v2h14V4z"
                    />
                  </svg>
                </div>
              </td>
            </tr>
          </tbody>
          <tfoot
            className="MuiTableFooter-root css-9cgc89-MuiTableFooter-root"
            role={null}
          >
            <tr
              className="MuiTableRow-root MuiTableRow-footer css-1q1u3t4-MuiTableRow-root"
              role={null}
            >
              <div
                ActionsComponent={[Function]}
                colSpan={10}
                count={2}
                onPageChange={[Function]}
                onRowsPerPageChange={[Function]}
                page={0}
                rowsPerPage={5}
                rowsPerPageOptions={
                  [
                    5,
                    10,
                    25,
                    {
                      "label": "All",
                      "value": -1,
                    },
                  ]
                }
              />
            </tr>
          </tfoot>
        </table>
      </div>
    </div>
  </div>
  <div />
</section>
`;
